// Jest Snapshot v1, https://goo.gl/fbAQLP

exports[`should render correctly 1`] = `
<svg
  className="line-chart"
  height={100}
  width={100}
>
  <g
    transform="translate(60, 10)"
  >
    <g>
      <g
        key="0"
      >
        <line
          className="line-chart-grid"
          x1={0}
          x2={30}
          y1={60}
          y2={60}
        />
      </g>
      <g
        key="0.2"
      >
        <line
          className="line-chart-grid"
          x1={0}
          x2={30}
          y1={56}
          y2={56}
        />
      </g>
      <g
        key="0.4"
      >
        <line
          className="line-chart-grid"
          x1={0}
          x2={30}
          y1={52}
          y2={52}
        />
      </g>
      <g
        key="0.6"
      >
        <line
          className="line-chart-grid"
          x1={0}
          x2={30}
          y1={48}
          y2={48}
        />
      </g>
      <g
        key="0.8"
      >
        <line
          className="line-chart-grid"
          x1={0}
          x2={30}
          y1={44}
          y2={44}
        />
      </g>
      <g
        key="1"
      >
        <line
          className="line-chart-grid"
          x1={0}
          x2={30}
          y1={40}
          y2={40}
        />
      </g>
      <g
        key="1.2"
      >
        <line
          className="line-chart-grid"
          x1={0}
          x2={30}
          y1={36}
          y2={36}
        />
      </g>
      <g
        key="1.4"
      >
        <line
          className="line-chart-grid"
          x1={0}
          x2={30}
          y1={32}
          y2={32}
        />
      </g>
      <g
        key="1.6"
      >
        <line
          className="line-chart-grid"
          x1={0}
          x2={30}
          y1={28}
          y2={28}
        />
      </g>
      <g
        key="1.8"
      >
        <line
          className="line-chart-grid"
          x1={0}
          x2={30}
          y1={24}
          y2={24}
        />
      </g>
      <g
        key="2"
      >
        <line
          className="line-chart-grid"
          x1={0}
          x2={30}
          y1={20}
          y2={20}
        />
      </g>
      <g
        key="2.2"
      >
        <line
          className="line-chart-grid"
          x1={0}
          x2={30}
          y1={16}
          y2={16}
        />
      </g>
      <g
        key="2.4"
      >
        <line
          className="line-chart-grid"
          x1={0}
          x2={30}
          y1={12.000000000000007}
          y2={12.000000000000007}
        />
      </g>
      <g
        key="2.6"
      >
        <line
          className="line-chart-grid"
          x1={0}
          x2={30}
          y1={8}
          y2={8}
        />
      </g>
      <g
        key="2.8"
      >
        <line
          className="line-chart-grid"
          x1={0}
          x2={30}
          y1={4.000000000000007}
          y2={4.000000000000007}
        />
      </g>
      <g
        key="3"
      >
        <line
          className="line-chart-grid"
          x1={0}
          x2={30}
          y1={0}
          y2={0}
        />
      </g>
    </g>
    <g />
    <g>
      <path
        className="line-chart-path line-chart-path-0"
        d="MNaN,40LNaN,20"
        key="test-1"
      />
      <path
        className="line-chart-path line-chart-path-1"
        d="MNaN,0Z"
        key="test-2"
      />
    </g>
    <g>
      <circle
        className="line-chart-dot line-chart-dot-1"
        cx={NaN}
        cy={0}
        key="test-20"
        r="2"
      />
    </g>
    <rect
      className="chart-mouse-events-overlay"
      height={60}
      width={30}
    />
  </g>
</svg>
`;
