// Jest Snapshot v1, https://goo.gl/fbAQLP

exports[`should render correctly: overridden - less than an hour 1`] = `
<span>
  less_than_1_hour_ago
</span>
`;

exports[`should render correctly: overridden - no date no children 1`] = `"never"`;

exports[`should render correctly: standard 1`] = `
<Tooltip
  overlay={
    <DateTimeFormatter
      date={2020-02-20T20:20:20.000Z}
    />
  }
>
  <span>
    <DateFromNow
      date={2020-02-20T20:20:20.000Z}
    >
      <Component />
    </DateFromNow>
  </span>
</Tooltip>
`;
